#-----------------------------------------------------------
# Vivado v2018.2.1 (64-bit)
# SW Build 2288692 on Thu Jul 26 18:24:02 MDT 2018
# IP Build 2289599 on Thu Jul 26 21:09:20 MDT 2018
# Start of session at: Tue May 14 11:14:32 2019
# Process ID: 11216
# Current directory: Z:/CS-401-1-CompArch/MP4/CU_DPU_test2_io
# Command line: vivado.exe -gui_launcher_event rodinguilauncherevent3168 Z:\CS-401-1-CompArch\MP4\CU_DPU_test2_io\CU_DPU.xpr
# Log file: Z:/CS-401-1-CompArch/MP4/CU_DPU_test2_io/vivado.log
# Journal file: Z:/CS-401-1-CompArch/MP4/CU_DPU_test2_io\vivado.jou
#-----------------------------------------------------------
start_gui
open_project Z:/CS-401-1-CompArch/MP4/CU_DPU_test2_io/CU_DPU.xpr
launch_simulation
open_wave_config Z:/CS-401-1-CompArch/MP4/CU_DPU_test2_io/processor_testbench_behav.wcfg
source processor_testbench.tcl
restart
run 20 ns
run 20 ns
run 20 ns
run 20 ns
run 20 ns
run 20 ns
run 20 ns
run 20 ns
run 20 ns
run 20 ns
run 20 ns
run 20 ns
run 20 ns
run 20 ns
run 20 ns
close_sim
