#-----------------------------------------------------------
# Vivado v2018.2.1 (64-bit)
# SW Build 2288692 on Thu Jul 26 18:24:02 MDT 2018
# IP Build 2289599 on Thu Jul 26 21:09:20 MDT 2018
# Start of session at: Sun May  5 15:18:13 2019
# Process ID: 9816
# Current directory: Z:/CS-401-1-CompArch/MP3/CU_DPU_test1
# Command line: vivado.exe -gui_launcher_event rodinguilauncherevent9416 Z:\CS-401-1-CompArch\MP3\CU_DPU_test1\CU_DPU.xpr
# Log file: Z:/CS-401-1-CompArch/MP3/CU_DPU_test1/vivado.log
# Journal file: Z:/CS-401-1-CompArch/MP3/CU_DPU_test1\vivado.jou
#-----------------------------------------------------------
start_gui
open_project Z:/CS-401-1-CompArch/MP3/CU_DPU_test1/CU_DPU.xpr
synth_design -rtl -name rtl_1
close_design
reset_run synth_1
launch_runs synth_1 -jobs 8
wait_on_run synth_1
launch_simulation
open_wave_config Z:/CS-401-1-CompArch/MP3/CU_DPU_test1/processor_testbench_behav.wcfg
source processor_testbench.tcl
restart
save_wave_config {Z:/CS-401-1-CompArch/MP3/CU_DPU_test1/processor_testbench_behav.wcfg}
run 20 ns
run 20 ns
run 20 ns
run 20 ns
run 20 ns
run 20 ns
run 20 ns
run 20 ns
run 20 ns
run 20 ns
restart
add_force {/processor_testbench/dut/imem1/mem[0]} -radix hex {23010048 0ns}
add_force {/processor_testbench/dut/imem1/mem[1]} -radix hex {23020038 0ns}
run 20 ns
run 20 ns
run 20 ns
run 20 ns
run 20 ns
run 20 ns
run 20 ns
run 20 ns
run 20 ns
run 20 ns
run 20 ns
run 20 ns
run 20 ns
run 20 ns
run 20 ns
run 20 ns
run 20 ns
run 20 ns
run 20 ns
run 20 ns
run 20 ns
run 20 ns
run 20 ns
run 20 ns
restart
save_wave_config {Z:/CS-401-1-CompArch/MP3/CU_DPU_test1/processor_testbench_behav.wcfg}
close_sim
